[36mvite v8.0.3 [32mbuilding client environment for production...[36m[39m
[2K
transforming...Γ£ô 57 modules transformed.
node.exe : [31mΓ£ù[39m 
Build failed in 101ms
At C:\Users\acer\AppData\R
oaming\npm\npx.ps1:24 
char:5
+     & "node$exe"  "$base
dir/node_modules/npm/bin/n
px-cli.js" $args
+     ~~~~~~~~~~~~~~~~~~~~
~~~~~~~~~~~~~~~~~~~~~~~~~~
~~~~~~~~~~~~~~~~
    + CategoryInfo        
      : NotSpecified: (  
  [31mΓ£ù[39m Build fa   
 iled in 101ms:String)    
 [], RemoteException
    + FullyQualifiedError 
   Id : NativeCommandErr  
  or
 
[31merror during build:
[31mBuild failed with 1 
error:

[31m[builtin:vite-transfo
rm] Error:[0m Unexpected 
token. Did you mean 
`{'}'}` or `&rbrace;`?
     [38;5;246mΓò¡[0m[3
8;5;246mΓöÇ[0m[38;5;246m
[[0m src/pages/Dashboard.
jsx:498:8 [38;5;246m][0m
     [38;5;246mΓöé[0m
 [38;5;246m498 Γöé[0m 
[38;5;249m 
[0m[38;5;249m 
[0m[38;5;249m 
[0m[38;5;249m 
[0m[38;5;249m 
[0m[38;5;249m [0m[38;5
;249m)[0m[38;5;249m}[0m
 [38;5;240m    Γöé[0m   
     Γöé 
 [38;5;240m    Γöé[0m   
     Γò░ΓöÇ 
[38;5;246mΓöÇΓöÇΓöÇΓöÇΓöÇ
Γò»[0m
[31m
    at aggregateBindingErr
orsIntoJsError (file:///D:
/Deepanshu/Node/SecureChat
App/frontend/node_modules/
rolldown/dist/shared/error
-BLhcSyeg.mjs:48:18)
    at 
unwrapBindingResult (file:
///D:/Deepanshu/Node/Secur
eChatApp/frontend/node_mod
ules/rolldown/dist/shared/
error-BLhcSyeg.mjs:18:128)
    at #build (file:///D:/
Deepanshu/Node/SecureChatA
pp/frontend/node_modules/r
olldown/dist/shared/rolldo
wn-build-CPrIX9V6.mjs:3313
:34)
    at async 
buildEnvironment (file:///
D:/Deepanshu/Node/SecureCh
atApp/frontend/node_module
s/vite/dist/node/chunks/no
de.js:32849:64)
    at async Object.build 
(file:///D:/Deepanshu/Node
/SecureChatApp/frontend/no
de_modules/vite/dist/node/
chunks/node.js:33271:19)
    at async 
Object.buildApp (file:///D
:/Deepanshu/Node/SecureCha
tApp/frontend/node_modules
/vite/dist/node/chunks/nod
e.js:33268:153)
    at async 
CAC.<anonymous> (file:///D
:/Deepanshu/Node/SecureCha
tApp/frontend/node_modules
/vite/dist/node/cli.js:778
:3) {
  errors: [Getter/Setter]
}[39m
